// Jest Snapshot v1, https://goo.gl/fbAQLP

exports[`Home page matches snapshot 1`] = `
<DocumentFragment>
  <div
    class="jsx-1276654382 container"
  >
    <main
      class="jsx-1276654382"
    >
      <h1
        class="jsx-1276654382 title"
      >
        URL Word Counter
      </h1>
      <button
        class="jsx-1276654382"
      >
        Test Button
      </button>
    </main>
  </div>
</DocumentFragment>
`;
